// Jest Snapshot v1, https://goo.gl/fbAQLP

exports[`NewsList matches snapshot 1`] = `
<div
  className="users-list"
>
  <ul />
</div>
`;
